loaded 15768 methods
##############################################################################
# T1: Landroidx/navigation/c;.a overloads containing addAll
##############################################################################
proto ('Landroidx/navigation/f;', 'Landroid/os/Bundle;', 'Landroidx/navigation/b;', 'Ljava/util/List;') has addAll at pc=1000: Lz1/i;.addAll['Ljava/util/Collection;']

--- FULL disasm of c.a around addAll (window 600..1060)
  pc=  604  move-result-object v7
  pc=  606  if-nez v9, ->24
  pc=  610  invoke-virtual Lz1/i;.last() -> Ljava/lang/Object;  [v0]
  pc=  616  move-result-object v7
  pc=  618  check-cast v7, Landroidx/navigation/b;
  pc=  622  invoke-static Landroidx/navigation/c;.m(Landroidx/navigation/c;,Landroidx/navigation/b;) -> V  [v0, v2]
  pc=  628  goto ->-50*2
  pc=  630  invoke-virtual Lz1/i;.isEmpty() -> Z  [v0]
  pc=  636  move-result v5
  pc=  638  if-eqz v8, ->8
  pc=  642  move-object v7, v5
  pc=  644  goto ->7*2
  pc=  646  iget-object v4, v5, Lz1/i;.j:[Ljava/lang/Object;
  pc=  650  iget v2, v7, Lz1/i;.i:I
  pc=  654  aget-object v6, v5, v0
  pc=  658  check-cast v5, Landroidx/navigation/b;
  pc=  662  if-nez v9, ->36
  pc=  666  invoke-virtual Lz1/i;.isEmpty() -> Z  [v0]
  pc=  672  move-result v5
  pc=  674  if-eqz v8, ->8
  pc=  678  move-object v7, v5
  pc=  680  goto ->7*2
  pc=  682  iget-object v4, v5, Lz1/i;.j:[Ljava/lang/Object;
  pc=  686  iget v2, v7, Lz1/i;.i:I
  pc=  690  aget-object v6, v5, v0
  pc=  694  check-cast v5, Landroidx/navigation/b;
  pc=  698  if-eqz v8, ->10
  pc=  702  iget-object v4, v5, Landroidx/navigation/b;.j:Landroidx/navigation/f;
  pc=  706  goto ->2*2
  pc=  708  move-object v7, v5
  pc=  710  iget-object v4, v7, Landroidx/navigation/c;.c:Landroidx/navigation/g;
  pc=  714  invoke-static LM1/i;.a(Ljava/lang/Object;,Ljava/lang/Object;) -> Z  [v0, v2]
  pc=  720  move-result v5
  pc=  722  if-nez v9, ->136
  pc=  726  invoke-interface/range Ljava/util/List;.size() -> I  [v20]
  pc=  732  move-result v5
  pc=  734  invoke-interface Ljava/util/List;.listIterator(I) -> Ljava/util/ListIterator;  [v0, v2]
  pc=  740  move-result-object v4
  pc=  742  invoke-interface Ljava/util/ListIterator;.hasPrevious() -> Z  [v0]
  pc=  748  move-result v5
  pc=  750  if-eqz v8, ->46
  pc=  754  invoke-interface Ljava/util/ListIterator;.previous() -> Ljava/lang/Object;  [v0]
  pc=  760  move-result-object v5
  pc=  762  move-object v7, v7
  pc=  764  check-cast v7, Landroidx/navigation/b;
  pc=  768  iget-object v4, v7, Landroidx/navigation/b;.j:Landroidx/navigation/f;
  pc=  772  iget-object v4, v8, Landroidx/navigation/c;.c:Landroidx/navigation/g;
  pc=  776  invoke-static LM1/i;.c(Ljava/lang/Object;) -> V  [v0]
  pc=  782  invoke-static LM1/i;.a(Ljava/lang/Object;,Ljava/lang/Object;) -> Z  [v0, v2]
  pc=  788  move-result v7
  pc=  790  if-eqz v8, ->-48
  pc=  794  move-object v7, v12
  pc=  796  check-cast v12, Landroidx/navigation/b;
  pc=  800  if-nez v9, ->52
  pc=  804  iget-object v4, v4, Landroidx/navigation/c;.c:Landroidx/navigation/g;
  pc=  808  invoke-static LM1/i;.c(Ljava/lang/Object;) -> V  [v0]
  pc=  814  iget-object v4, v5, Landroidx/navigation/c;.c:Landroidx/navigation/g;
  pc=  818  invoke-static LM1/i;.c(Ljava/lang/Object;) -> V  [v0]
  pc=  824  invoke-virtual Landroidx/navigation/f;.f(Landroid/os/Bundle;) -> Landroid/os/Bundle;  [v0, v2]
  pc=  830  move-result-object v2
  pc=  832  invoke-virtual/range Landroidx/navigation/c;.f() -> Landroidx/lifecycle/i$b;  [v16]
  pc=  838  move-result-object v5
  pc=  840  iget-object v4, v7, Landroidx/navigation/c;.p:Lh1/i;
  pc=  844  invoke-static Landroidx/navigation/b$a;.a(Landroid/content/Context;,Landroidx/navigation/f;,Landroid/os/Bundle;,Landroidx/lifecycle/i$b;,Lh1/i;) -> Landroidx/navigation/b;  [v7, v5, v0, v0, v0]
  pc=  850  move-result-object v12
  pc=  852  invoke-virtual Lz1/i;.q(Ljava/lang/Object;) -> V  [v0, v2]
  pc=  858  invoke-virtual Ljava/util/AbstractList;.iterator() -> Ljava/util/Iterator;  [v0]
  pc=  864  move-result-object v2
  pc=  866  invoke-interface Ljava/util/Iterator;.hasNext() -> Z  [v0]
  pc=  872  move-result v4
  pc=  874  if-eqz v8, ->126
  pc=  878  invoke-interface Ljava/util/Iterator;.next() -> Ljava/lang/Object;  [v0]
  pc=  884  move-result-object v4
  pc=  886  check-cast v4, Landroidx/navigation/b;
  pc=  890  iget-object v4, v5, Landroidx/navigation/b;.j:Landroidx/navigation/f;
  pc=  894  iget-object v4, v5, Landroidx/navigation/f;.i:Ljava/lang/String;
  pc=  898  iget-object v4, v7, Landroidx/navigation/c;.v:Landroidx/navigation/m;
  pc=  902  invoke-virtual Landroidx/navigation/m;.b(Ljava/lang/String;) -> Landroidx/navigation/l;  [v0, v2]
  pc=  908  move-result-object v5
  pc=  910  iget-object v4, v7, Landroidx/navigation/c;.w:Ljava/util/LinkedHashMap;
  pc=  914  invoke-virtual Ljava/util/LinkedHashMap;.get(Ljava/lang/Object;) -> Ljava/lang/Object;  [v0, v2]
  pc=  920  move-result-object v5
  pc=  922  if-eqz v8, ->16
  pc=  926  check-cast v5, Landroidx/navigation/c$a;
  pc=  930  invoke-virtual Landroidx/navigation/c$a;.f(Landroidx/navigation/b;) -> V  [v0, v2]
  pc=  936  goto ->-35*2
  pc=  938  new-instance v2, Ljava/lang/StringBuilder;
  pc=  942  const-string v3, "NavigatorBackStack for "
  pc=  946  invoke-direct Ljava/lang/StringBuilder;.<init>(Ljava/lang/String;) -> V  [v0, v2]
  pc=  952  iget-object v4, v1, Landroidx/navigation/f;.i:Ljava/lang/String;
  pc=  956  invoke-virtual Ljava/lang/StringBuilder;.append(Ljava/lang/String;) -> Ljava/lang/StringBuilder;  [v0, v2]
  pc=  962  const-string v1, " should already be created"
  pc=  966  invoke-virtual Ljava/lang/StringBuilder;.append(Ljava/lang/String;) -> Ljava/lang/StringBuilder;  [v0, v2]
  pc=  972  invoke-virtual Ljava/lang/StringBuilder;.toString() -> Ljava/lang/String;  [v0]
  pc=  978  move-result-object v1
  pc=  980  new-instance v2, Ljava/lang/IllegalStateException;
  pc=  984  invoke-virtual Ljava/lang/Object;.toString() -> Ljava/lang/String;  [v0]
  pc=  990  move-result-object v1
  pc=  992  invoke-direct Ljava/lang/IllegalStateException;.<init>(Ljava/lang/String;) -> V  [v0, v2]
  pc=  998  throw v7
  pc= 1000  invoke-virtual Lz1/i;.addAll(Ljava/util/Collection;) -> Z  [v0, v2]
  pc= 1006  invoke-virtual Lz1/i;.r(Ljava/lang/Object;) -> V  [v0, v2]
  pc= 1012  invoke-static Lz1/r;.D(Ljava/util/Collection;,Ljava/lang/Object;) -> Ljava/util/ArrayList;  [v0, v2]
  pc= 1018  move-result-object v1
  pc= 1020  invoke-virtual Ljava/util/ArrayList;.iterator() -> Ljava/util/Iterator;  [v0]
  pc= 1026  move-result-object v1
  pc= 1028  invoke-interface Ljava/util/Iterator;.hasNext() -> Z  [v0]
  pc= 1034  move-result v2
  pc= 1036  if-eqz v8, ->48
  pc= 1040  invoke-interface Ljava/util/Iterator;.next() -> Ljava/lang/Object;  [v0]
  pc= 1046  move-result-object v2
  pc= 1048  check-cast v2, Landroidx/navigation/b;
  pc= 1052  iget-object v4, v3, Landroidx/navigation/b;.j:Landroidx/navigation/f;
  pc= 1056  iget-object v4, v3, Landroidx/navigation/f;.j:Landroidx/navigation/g;
  pc= 1060  if-eqz v8, ->-32

##############################################################################
# T2: Landroidx/navigation/c$e;.o full
##############################################################################
proto: ('Ljava/lang/Object;',)
  pc=    0  check-cast v5, Landroidx/navigation/b;
  pc=    4  const-string v0, "it"
  pc=    8  invoke-static LM1/i;.f(Ljava/lang/Object;,Ljava/lang/String;) -> V  [v0, v2]
  pc=   14  iget-object v4, v0, Landroidx/navigation/c$e;.j:LM1/p;
  pc=   18  const/4 v2, 1
  pc=   20  iput-boolean v12, v1, LM1/p;.i:Z
  pc=   24  sget-object v0, Lz1/t;.i:Lz1/t;
